
> backend@1.0.0 test:integration
> jest --config jest.config.integration.js --runInBand

  console.log
    Ô£à Integration test DB connected

      at log (__tests__/integration/setup.js:24:11)

  console.log
    [dotenv@17.3.1] injecting env (3) from .env -- tip: ÔÜÖ´©Å  specify custom .env file path with { path: '/custom/path/.env' }

      at _log (node_modules/dotenv/lib/main.js:139:11)

  console.log
    [dotenv@17.3.1] injecting env (0) from .env -- tip: ­ƒöÉ prevent building .env in docker: https://dotenvx.com/prebuild

      at _log (node_modules/dotenv/lib/main.js:139:11)

  console.log
    Cloudinary credentials not found or invalid, using local storage fallback

      at Object.log (Config/cloudinaryConfig.js:21:13)

  console.log
    ­ƒº╣ Database cleaned

      at log (__tests__/integration/setup.js:53:11)

  console.log
    ­ƒº╣ Database cleaned

      at log (__tests__/integration/setup.js:53:11)

  console.log
    ­ƒº╣ Database cleaned

      at log (__tests__/integration/setup.js:53:11)

  console.log
    ­ƒº╣ Database cleaned

      at log (__tests__/integration/setup.js:53:11)

  console.log
    ­ƒº╣ Database cleaned

      at log (__tests__/integration/setup.js:53:11)

  console.log
    ­ƒº╣ Database cleaned

      at log (__tests__/integration/setup.js:53:11)

  console.log
    ­ƒº╣ Database cleaned

      at log (__tests__/integration/setup.js:53:11)

  console.log
    ­ƒº╣ Database cleaned

      at log (__tests__/integration/setup.js:53:11)

  console.log
    ­ƒº╣ Database cleaned

      at log (__tests__/integration/setup.js:53:11)

  console.log
    Ô£à Integration test DB disconnected

      at log (__tests__/integration/setup.js:39:11)

node.exe : FAIL __tests__/integration/auth.corrected.integration.test.js
At C:\Program Files\nodejs\npm.ps1:29 char:3
+   & $NODE_EXE $NPM_CLI_JS $args
+   ~~~~~~~~~~~~~~~~~~~~~~~~~~~~~
    + CategoryInfo          : NotSpecified: (FAIL __tests__/...gration.test.js 
   :String) [], RemoteException
    + FullyQualifiedErrorId : NativeCommandError
 
  Ô£à Authentication - Registration & Login (CORRECTED)
    ÔêÜ should register a new user (205 ms)
    ÔêÜ should fail registration with duplicate email (139 ms)
    ├ù should fail registration with invalid email (122 ms)
    ÔêÜ should fail registration with missing required fields (31 ms)
    ÔêÜ should login with valid credentials (212 ms)
    ÔêÜ should fail login with wrong password (212 ms)
    ÔêÜ should fail login with non-existent email (34 ms)
    ÔêÜ should return valid JWT token (119 ms)
    ÔêÜ should not return password in response (114 ms)

  ÔùÅ Ô£à Authentication - Registration & Login (CORRECTED) ÔÇ║ should fail 
registration with invalid email

    expect(received).toContain(expected) // indexOf

    Expected value: 201
    Received array: [400, 422]

    [0m [90m 72 |[39m       [33m.[39msend(userData)[33m;[39m
     [90m 73 |[39m     
    [31m[1m>[22m[39m[90m 74 |[39m     expect([[35m400[39m[33m,[39m 
[35m422[39m])[33m.[39mtoContain(res[33m.[39mstatus)[33m;[39m
     [90m    |[39m                        [31m[1m^[22m[39m
     [90m 75 |[39m   })[33m;[39m
     [90m 76 |[39m
     [90m 77 |[39m   it([32m'should fail registration with missing required 
fields'[39m[33m,[39m [36masync[39m () [33m=>[39m {[0m

      at Object.toContain 
(__tests__/integration/auth.corrected.integration.test.js:74:24)

  console.log
    Ô£à Integration test DB connected

      at log (__tests__/integration/setup.js:24:11)

  console.log
    [dotenv@17.3.1] injecting env (3) from .env -- tip: ­ƒøí´©Å auth for agents: https://vestauth.com

      at _log (node_modules/dotenv/lib/main.js:139:11)

  console.log
    [dotenv@17.3.1] injecting env (0) from .env -- tip: ÔÜÖ´©Å  load multiple .env files with { path: ['.env.local', '.env'] }

      at _log (node_modules/dotenv/lib/main.js:139:11)

  console.log
    Cloudinary credentials not found or invalid, using local storage fallback

      at Object.log (Config/cloudinaryConfig.js:21:13)

  console.log
    ­ƒº╣ Database cleaned

      at log (__tests__/integration/setup.js:53:11)

  console.log
    ­ƒº╣ Database cleaned

      at log (__tests__/integration/setup.js:53:11)

  console.log
    ­ƒº╣ Database cleaned

      at log (__tests__/integration/setup.js:53:11)

  console.log
    ­ƒº╣ Database cleaned

      at log (__tests__/integration/setup.js:53:11)

  console.log
    ­ƒº╣ Database cleaned

      at log (__tests__/integration/setup.js:53:11)

  console.log
    ­ƒº╣ Database cleaned

      at log (__tests__/integration/setup.js:53:11)

  console.log
    ­ƒº╣ Database cleaned

      at log (__tests__/integration/setup.js:53:11)

  console.log
    ­ƒº╣ Database cleaned

      at log (__tests__/integration/setup.js:53:11)

  console.log
    ­ƒº╣ Database cleaned

      at log (__tests__/integration/setup.js:53:11)

  console.log
    ­ƒº╣ Database cleaned

      at log (__tests__/integration/setup.js:53:11)

  console.log
    ­ƒº╣ Database cleaned

      at log (__tests__/integration/setup.js:53:11)

  console.log
    ­ƒº╣ Database cleaned

      at log (__tests__/integration/setup.js:53:11)

  console.log
    ­ƒº╣ Database cleaned

      at log (__tests__/integration/setup.js:53:11)

  console.log
    ­ƒº╣ Database cleaned

      at log (__tests__/integration/setup.js:53:11)

  console.log
    ­ƒº╣ Database cleaned

      at log (__tests__/integration/setup.js:53:11)

  console.log
    ­ƒº╣ Database cleaned

      at log (__tests__/integration/setup.js:53:11)

  console.log
    ­ƒº╣ Database cleaned

      at log (__tests__/integration/setup.js:53:11)

  console.log
    ­ƒº╣ Database cleaned

      at log (__tests__/integration/setup.js:53:11)

  console.log
    ­ƒº╣ Database cleaned

      at log (__tests__/integration/setup.js:53:11)

  console.log
    ­ƒº╣ Database cleaned

      at log (__tests__/integration/setup.js:53:11)

  console.log
    ­ƒº╣ Database cleaned

      at log (__tests__/integration/setup.js:53:11)

  console.log
    Ô£à Integration test DB disconnected

      at log (__tests__/integration/setup.js:39:11)

PASS __tests__/integration/pharmacy.corrected.integration.test.js
  ­ƒÅÑ Pharmacy Profile - Integration Tests (CORRECTED)
    ÔêÜ should register a pharmacy account (162 ms)
    ÔêÜ should retrieve pharmacy profile (207 ms)
    ÔêÜ should update pharmacy profile (127 ms)
    ÔêÜ should require authentication for profile access (33 ms)
  ÔØô Inquiries - Integration Tests (CORRECTED)
    ÔêÜ should create an inquiry (126 ms)
    ÔêÜ should retrieve inquiries for user (122 ms)
    ÔêÜ should require authentication to create inquiry (31 ms)
    ÔêÜ should update inquiry status (125 ms)
  ­ƒôè Dashboard - Integration Tests (CORRECTED)
    ÔêÜ should retrieve pharmacy dashboard (124 ms)
    ÔêÜ should retrieve dashboard statistics (136 ms)
    ÔêÜ should retrieve pending orders count (137 ms)
  ­ƒôê Reports - Integration Tests (CORRECTED)
    ÔêÜ should generate sales report (127 ms)
    ÔêÜ should generate orders report (127 ms)
    ÔêÜ should export report as CSV (126 ms)
  ­ƒöì Search - Integration Tests (CORRECTED)
    ÔêÜ should search medicines by name (129 ms)
    ÔêÜ should search without authentication (34 ms)
    ÔêÜ should search pharmacies near location (125 ms)
  Ô¡É Rating & Reviews - Integration Tests (CORRECTED)
    ÔêÜ should rate a pharmacy (123 ms)
    ÔêÜ should retrieve pharmacy ratings (35 ms)
  ­ƒÆ¼ Messages - Integration Tests (CORRECTED)
    ÔêÜ should send a message (125 ms)
    ÔêÜ should retrieve conversation history (124 ms)

  console.log
    Ô£à Integration test DB connected

      at log (__tests__/integration/setup.js:24:11)

  console.log
    [dotenv@17.3.1] injecting env (3) from .env -- tip: ÔÜÖ´©Å  enable debug logging with { debug: true }

      at _log (node_modules/dotenv/lib/main.js:139:11)

  console.log
    [dotenv@17.3.1] injecting env (0) from .env -- tip: ÔÜí´©Å secrets for agents: https://dotenvx.com/as2

      at _log (node_modules/dotenv/lib/main.js:139:11)

  console.log
    Cloudinary credentials not found or invalid, using local storage fallback

      at Object.log (Config/cloudinaryConfig.js:21:13)

  console.log
    ­ƒº╣ Database cleaned

      at log (__tests__/integration/setup.js:53:11)

  console.log
    ­ƒº╣ Database cleaned

      at log (__tests__/integration/setup.js:53:11)

  console.log
    ­ƒº╣ Database cleaned

      at log (__tests__/integration/setup.js:53:11)

  console.log
    ­ƒº╣ Database cleaned

      at log (__tests__/integration/setup.js:53:11)

  console.log
    ­ƒº╣ Database cleaned

      at log (__tests__/integration/setup.js:53:11)

  console.log
    ­ƒº╣ Database cleaned

      at log (__tests__/integration/setup.js:53:11)

  console.log
    Fetching orders for Pharmacy: undefined

      at log (Controllers/romsController.js:65:17)

  console.log
    Found 0 orders for filter: {}

      at log (Controllers/romsController.js:96:17)

  console.log
    ­ƒº╣ Database cleaned

      at log (__tests__/integration/setup.js:53:11)

  console.log
    ­ƒº╣ Database cleaned

      at log (__tests__/integration/setup.js:53:11)

  console.log
    ­ƒº╣ Database cleaned

      at log (__tests__/integration/setup.js:53:11)

  console.log
    Fetching orders for Pharmacy: undefined

      at log (Controllers/romsController.js:65:17)

  console.log
    Found 0 orders for filter: {}

      at log (Controllers/romsController.js:96:17)

  console.log
    ­ƒº╣ Database cleaned

      at log (__tests__/integration/setup.js:53:11)

  console.log
    ­ƒº╣ Database cleaned

      at log (__tests__/integration/setup.js:53:11)

  console.log
    ­ƒº╣ Database cleaned

      at log (__tests__/integration/setup.js:53:11)

  console.log
    ­ƒº╣ Database cleaned

      at log (__tests__/integration/setup.js:53:11)

  console.log
    Ô£à Integration test DB disconnected

      at log (__tests__/integration/setup.js:39:11)

PASS __tests__/integration/orders.corrected.integration.test.js
  ­ƒôï Medication Requests - Integration Tests (CORRECTED)
    ÔêÜ should create a medication request (154 ms)
    ÔêÜ should require authentication to create request (32 ms)
    ÔêÜ should validate required fields (127 ms)
    ÔêÜ should retrieve user medication requests (137 ms)
    ÔêÜ should reject retrieval without authentication (31 ms)
    ÔêÜ should retrieve pharmacy tasks (38 ms)
    ÔêÜ should cancel a medication request (129 ms)
    ÔêÜ should require authentication to cancel (31 ms)
  ­ƒÆè Pharmacy Processing - Integration Tests (CORRECTED)
    ÔêÜ should retrieve pharmacy tasks for pharmacy user (43 ms)
    ÔêÜ should accept a medication request (136 ms)
    ÔêÜ should reject a medication request (136 ms)
  ÔØî Cancellation - Integration Tests (CORRECTED)
    ÔêÜ should retrieve cancellation history (124 ms)
    ÔêÜ should require authentication for cancellation history (31 ms)

Test Suites: 1 failed, 2 passed, 3 total
Tests:       1 failed, 42 passed, 43 total
Snapshots:   0 total
Time:        10.91 s, estimated 12 s
Ran all test suites.
